<?xml version="1.0" encoding="UTF-8"?>
<TestRun id="0f18fa74-d671-430c-9032-51553598bc73" name="Steve@STEVEIBPDESKTOP 2010-08-31 23:36:06" runUser="SteveIBPDesktop\Steve" xmlns="http://microsoft.com/schemas/VisualStudio/TeamTest/2010">
  <TestSettings name="Local" id="35acf09e-fec5-4d96-8fa2-c858d3f35565">
    <Description>These are default test settings for a local test run.</Description>
    <Deployment enabled="false" runDeploymentRoot="Steve_STEVEIBPDESKTOP 2010-08-31 23_36_06" />
    <Execution>
      <TestTypeSpecific />
      <AgentRule name="Execution Agents">
      </AgentRule>
    </Execution>
  </TestSettings>
  <Times creation="2010-08-31T23:36:06.5324453-04:00" queuing="2010-08-31T23:36:06.5383047-04:00" start="2010-08-31T23:36:06.5441640-04:00" finish="2010-08-31T23:36:09.2834219-04:00" />
  <ResultSummary outcome="Failed">
    <Counters total="2" executed="2" passed="1" error="0" failed="1" timeout="0" aborted="0" inconclusive="0" passedButRunAborted="0" notRunnable="0" notExecuted="0" disconnected="0" warning="0" completed="0" inProgress="0" pending="0" />
  </ResultSummary>
  <TestDefinitions>
    <UnitTest name="NotFailWithNoItemsNoNotificationNoCreditCard" storage="c:\users\steve\documents\my projects\pluralsight\005 - dependency inversion principle\dip1\commerce\bin\debug\commerce.dll" id="2b0bbb02-d325-d5e1-4154-00885888cc51">
      <Execution id="1f41e2e5-2809-4728-9d19-7ee16c8723f5" />
      <TestMethod codeBase="C:/Users/Steve/Documents/My Projects/PluralSight/005 - Dependency Inversion Principle/DIP1/Commerce/bin/Debug/Commerce.DLL" adapterTypeName="Microsoft.VisualStudio.TestTools.TestTypes.Unit.UnitTestAdapter, Microsoft.VisualStudio.QualityTools.Tips.UnitTest.Adapter, Version=10.0.0.0, Culture=neutral, PublicKeyToken=b03f5f7f11d50a3a" className="Commerce.OrderCheckoutShould, Commerce, Version=1.0.0.0, Culture=neutral, PublicKeyToken=null" name="NotFailWithNoItemsNoNotificationNoCreditCard" />
    </UnitTest>
    <UnitTest name="NotFailWithNoItemsNotificationNoCreditCard" storage="c:\users\steve\documents\my projects\pluralsight\005 - dependency inversion principle\dip1\commerce\bin\debug\commerce.dll" id="987dbc40-e83f-b22f-fe88-6c2e28a35403">
      <Execution id="2824cc90-7806-4b78-b300-1554b05dfe43" />
      <TestMethod codeBase="C:/Users/Steve/Documents/My Projects/PluralSight/005 - Dependency Inversion Principle/DIP1/Commerce/bin/Debug/Commerce.DLL" adapterTypeName="Microsoft.VisualStudio.TestTools.TestTypes.Unit.UnitTestAdapter, Microsoft.VisualStudio.QualityTools.Tips.UnitTest.Adapter, Version=10.0.0.0, Culture=neutral, PublicKeyToken=b03f5f7f11d50a3a" className="Commerce.OrderCheckoutShould, Commerce, Version=1.0.0.0, Culture=neutral, PublicKeyToken=null" name="NotFailWithNoItemsNotificationNoCreditCard" />
    </UnitTest>
  </TestDefinitions>
  <TestLists>
    <TestList name="Results Not in a List" id="8c84fa94-04c1-424b-9868-57a2d4851a1d" />
    <TestList name="All Loaded Results" id="19431567-8539-422a-85d7-44ee4e166bda" />
  </TestLists>
  <TestEntries>
    <TestEntry testId="2b0bbb02-d325-d5e1-4154-00885888cc51" executionId="1f41e2e5-2809-4728-9d19-7ee16c8723f5" testListId="8c84fa94-04c1-424b-9868-57a2d4851a1d" />
    <TestEntry testId="987dbc40-e83f-b22f-fe88-6c2e28a35403" executionId="2824cc90-7806-4b78-b300-1554b05dfe43" testListId="8c84fa94-04c1-424b-9868-57a2d4851a1d" />
  </TestEntries>
  <Results>
    <UnitTestResult executionId="1f41e2e5-2809-4728-9d19-7ee16c8723f5" testId="2b0bbb02-d325-d5e1-4154-00885888cc51" testName="NotFailWithNoItemsNoNotificationNoCreditCard" computerName="STEVEIBPDESKTOP" duration="00:00:00.0116964" startTime="2010-08-31T23:36:06.5461172-04:00" endTime="2010-08-31T23:36:06.7443594-04:00" testType="13cdc9d9-ddb5-4fa4-a97d-d965ccfc6d4b" outcome="Passed" testListId="8c84fa94-04c1-424b-9868-57a2d4851a1d" relativeResultsDirectory="1f41e2e5-2809-4728-9d19-7ee16c8723f5">
    </UnitTestResult>
    <UnitTestResult executionId="2824cc90-7806-4b78-b300-1554b05dfe43" testId="987dbc40-e83f-b22f-fe88-6c2e28a35403" testName="NotFailWithNoItemsNotificationNoCreditCard" computerName="STEVEIBPDESKTOP" duration="00:00:02.0339088" startTime="2010-08-31T23:36:06.7453359-04:00" endTime="2010-08-31T23:36:08.7824453-04:00" testType="13cdc9d9-ddb5-4fa4-a97d-d965ccfc6d4b" outcome="Failed" testListId="8c84fa94-04c1-424b-9868-57a2d4851a1d" relativeResultsDirectory="2824cc90-7806-4b78-b300-1554b05dfe43">
      <Output>
        <ErrorInfo>
          <Message>Test method Commerce.OrderCheckoutShould.NotFailWithNoItemsNotificationNoCreditCard threw exception: 
System.NotImplementedException: The method or operation is not implemented.</Message>
          <StackTrace>    at Commerce.Utility.Logger.Error(String message, Exception exception) in C:\Users\Steve\Documents\My Projects\PluralSight\005 - Dependency Inversion Principle\DIP1\Commerce\Utility\Logger.cs:line 9
   at Commerce.Model.Order.NotifyCustomer(Cart cart) in C:\Users\Steve\Documents\My Projects\PluralSight\005 - Dependency Inversion Principle\DIP1\Commerce\Model\Order.cs:line 42
   at Commerce.Model.Order.Checkout(Cart cart, PaymentDetails paymentDetails, Boolean notifyCustomer) in C:\Users\Steve\Documents\My Projects\PluralSight\005 - Dependency Inversion Principle\DIP1\Commerce\Model\Order.cs:line 21
   at Commerce.OrderCheckoutShould.NotFailWithNoItemsNotificationNoCreditCard() in C:\Users\Steve\Documents\My Projects\PluralSight\005 - Dependency Inversion Principle\DIP1\Commerce\CartShould.cs:line 34
</StackTrace>
        </ErrorInfo>
      </Output>
    </UnitTestResult>
  </Results>
</TestRun>