<?xml version="1.0" encoding="UTF-8"?>
<TestRun id="ad37c4de-7ba1-4d4b-b608-0000dfb95ae5" name="Steve@STEVEIBPDESKTOP 2010-08-11 22:45:43" runUser="SteveIBPDesktop\Steve" xmlns="http://microsoft.com/schemas/VisualStudio/TeamTest/2010">
  <TestSettings name="Default Test Settings" id="f9fd72dd-5d25-4496-9f70-dc0d9186ebaf">
    <Execution>
      <TestTypeSpecific />
      <AgentRule name="Execution Agents">
      </AgentRule>
    </Execution>
    <Deployment runDeploymentRoot="Steve_STEVEIBPDESKTOP 2010-08-11 22_45_43" />
  </TestSettings>
  <Times creation="2010-08-11T22:45:43.5639609-04:00" queuing="2010-08-11T22:45:43.6254843-04:00" start="2010-08-11T22:45:43.6391562-04:00" finish="2010-08-11T22:45:44.1723593-04:00" />
  <ResultSummary outcome="Completed">
    <Counters total="1" executed="1" passed="1" error="0" failed="0" timeout="0" aborted="0" inconclusive="0" passedButRunAborted="0" notRunnable="0" notExecuted="0" disconnected="0" warning="0" completed="0" inProgress="0" pending="0" />
  </ResultSummary>
  <TestDefinitions>
    <UnitTest name="TwentyFor4X5ShapeFromRectangleAnd9For3X3Square" storage="c:\users\steve\documents\my projects\pluralsight\003 - liskov substitution principle\demo\lsp\testproject1\bin\debug\shapetests.dll" id="4e9412e8-c390-870e-2729-ec53e55382c7">
      <Execution id="019b669c-bb90-4a2e-9d54-52afddb53267" />
      <TestMethod codeBase="C:/Users/Steve/Documents/My Projects/PluralSight/003 - Liskov Substitution Principle/Demo/LSP/TestProject1/bin/Debug/ShapeTests.DLL" adapterTypeName="Microsoft.VisualStudio.TestTools.TestTypes.Unit.UnitTestAdapter, Microsoft.VisualStudio.QualityTools.Tips.UnitTest.Adapter, Version=10.0.0.0, Culture=neutral, PublicKeyToken=b03f5f7f11d50a3a" className="ShapeTests.TellDontAsk_ShapesShouldReturn, ShapeTests, Version=1.0.0.0, Culture=neutral, PublicKeyToken=null" name="TwentyFor4X5ShapeFromRectangleAnd9For3X3Square" />
    </UnitTest>
  </TestDefinitions>
  <TestLists>
    <TestList name="Results Not in a List" id="8c84fa94-04c1-424b-9868-57a2d4851a1d" />
    <TestList name="All Loaded Results" id="19431567-8539-422a-85d7-44ee4e166bda" />
  </TestLists>
  <TestEntries>
    <TestEntry testId="4e9412e8-c390-870e-2729-ec53e55382c7" executionId="019b669c-bb90-4a2e-9d54-52afddb53267" testListId="8c84fa94-04c1-424b-9868-57a2d4851a1d" />
  </TestEntries>
  <Results>
    <UnitTestResult executionId="019b669c-bb90-4a2e-9d54-52afddb53267" testId="4e9412e8-c390-870e-2729-ec53e55382c7" testName="TwentyFor4X5ShapeFromRectangleAnd9For3X3Square" computerName="STEVEIBPDESKTOP" duration="00:00:00.0116750" startTime="2010-08-11T22:45:43.6420859-04:00" endTime="2010-08-11T22:45:43.8520468-04:00" testType="13cdc9d9-ddb5-4fa4-a97d-d965ccfc6d4b" outcome="Passed" testListId="8c84fa94-04c1-424b-9868-57a2d4851a1d" relativeResultsDirectory="019b669c-bb90-4a2e-9d54-52afddb53267">
    </UnitTestResult>
  </Results>
</TestRun>