<?xml version="1.0" encoding="UTF-8"?>
<TestRun id="9ac935e8-bd3d-4f7c-bffa-07c1ca379b38" name="Steve@STEVEIBPDESKTOP 2010-08-11 22:42:09" runUser="SteveIBPDesktop\Steve" xmlns="http://microsoft.com/schemas/VisualStudio/TeamTest/2010">
  <TestSettings name="Default Test Settings" id="a31b2535-87cf-435e-9cb0-f67fc752c8bb">
    <Execution>
      <TestTypeSpecific />
      <AgentRule name="Execution Agents">
      </AgentRule>
    </Execution>
    <Deployment runDeploymentRoot="Steve_STEVEIBPDESKTOP 2010-08-11 22_42_09" />
  </TestSettings>
  <Times creation="2010-08-11T22:42:09.2670859-04:00" queuing="2010-08-11T22:42:09.3090781-04:00" start="2010-08-11T22:42:09.3149375-04:00" finish="2010-08-11T22:42:09.6704062-04:00" />
  <ResultSummary outcome="Completed">
    <Counters total="1" executed="1" passed="1" error="0" failed="0" timeout="0" aborted="0" inconclusive="0" passedButRunAborted="0" notRunnable="0" notExecuted="0" disconnected="0" warning="0" completed="0" inProgress="0" pending="0" />
  </ResultSummary>
  <TestDefinitions>
    <UnitTest name="TwentyFor4X5ShapeFromRectangle" storage="c:\users\steve\documents\my projects\pluralsight\003 - liskov substitution principle\demo\lsp\testproject1\bin\debug\shapetests.dll" id="541d8ac2-1817-acae-1528-36e913320748">
      <Execution id="96f2a3df-363a-4c2f-aa76-4055ae2274ee" />
      <TestMethod codeBase="C:/Users/Steve/Documents/My Projects/PluralSight/003 - Liskov Substitution Principle/Demo/LSP/TestProject1/bin/Debug/ShapeTests.DLL" adapterTypeName="Microsoft.VisualStudio.TestTools.TestTypes.Unit.UnitTestAdapter, Microsoft.VisualStudio.QualityTools.Tips.UnitTest.Adapter, Version=10.0.0.0, Culture=neutral, PublicKeyToken=b03f5f7f11d50a3a" className="ShapeTests.TellDontAsk_ShapesShouldReturn, ShapeTests, Version=1.0.0.0, Culture=neutral, PublicKeyToken=null" name="TwentyFor4X5ShapeFromRectangle" />
    </UnitTest>
  </TestDefinitions>
  <TestLists>
    <TestList name="Results Not in a List" id="8c84fa94-04c1-424b-9868-57a2d4851a1d" />
    <TestList name="All Loaded Results" id="19431567-8539-422a-85d7-44ee4e166bda" />
  </TestLists>
  <TestEntries>
    <TestEntry testId="541d8ac2-1817-acae-1528-36e913320748" executionId="96f2a3df-363a-4c2f-aa76-4055ae2274ee" testListId="8c84fa94-04c1-424b-9868-57a2d4851a1d" />
  </TestEntries>
  <Results>
    <UnitTestResult executionId="96f2a3df-363a-4c2f-aa76-4055ae2274ee" testId="541d8ac2-1817-acae-1528-36e913320748" testName="TwentyFor4X5ShapeFromRectangle" computerName="STEVEIBPDESKTOP" duration="00:00:00.0107407" startTime="2010-08-11T22:42:09.3217734-04:00" endTime="2010-08-11T22:42:09.5288046-04:00" testType="13cdc9d9-ddb5-4fa4-a97d-d965ccfc6d4b" outcome="Passed" testListId="8c84fa94-04c1-424b-9868-57a2d4851a1d" relativeResultsDirectory="96f2a3df-363a-4c2f-aa76-4055ae2274ee">
    </UnitTestResult>
  </Results>
</TestRun>