<?xml version="1.0" encoding="UTF-8"?>
<TestRun id="01c8b466-5a8d-4c88-84fc-5a646c0a4cb3" name="Steve@STEVEIBPDESKTOP 2010-07-26 22:54:22" runUser="SteveIBPDesktop\Steve" xmlns="http://microsoft.com/schemas/VisualStudio/TeamTest/2010">
  <TestSettings name="Default Test Settings" id="2475da43-49dd-4bb0-b0a1-893f8544ef98">
    <Execution>
      <TestTypeSpecific />
      <AgentRule name="Execution Agents">
      </AgentRule>
    </Execution>
    <Deployment runDeploymentRoot="Steve_STEVEIBPDESKTOP 2010-07-26 22_54_22" />
  </TestSettings>
  <Times creation="2010-07-26T22:54:22.3852500-04:00" queuing="2010-07-26T22:54:22.4926718-04:00" start="2010-07-26T22:54:22.5043906-04:00" finish="2010-07-26T22:54:22.7700156-04:00" />
  <ResultSummary outcome="Completed">
    <Counters total="5" executed="5" passed="5" error="0" failed="0" timeout="0" aborted="0" inconclusive="0" passedButRunAborted="0" notRunnable="0" notExecuted="0" disconnected="0" warning="0" completed="0" inProgress="0" pending="0" />
  </ResultSummary>
  <TestDefinitions>
    <UnitTest name="TwoDollarsWithSixSpecialItem" storage="c:\users\steve\documents\my projects\pluralsight\002 - open closed principle\demo\ocp\testproject1\bin\debug\commerceproject.dll" id="639ab4a9-4933-f723-4206-a4b708a5ee7d">
      <Execution id="9786e9c5-f239-4cc2-bfcc-fef64734a94d" />
      <TestMethod codeBase="C:/Users/Steve/Documents/My Projects/PluralSight/002 - Open Closed Principle/Demo/OCP/TestProject1/bin/Debug/CommerceProject.DLL" adapterTypeName="Microsoft.VisualStudio.TestTools.TestTypes.Unit.UnitTestAdapter, Microsoft.VisualStudio.QualityTools.Tips.UnitTest.Adapter, Version=10.0.0.0, Culture=neutral, PublicKeyToken=b03f5f7f11d50a3a" className="CommerceProject.CartTotalShouldReturn, CommerceProject, Version=1.0.0.0, Culture=neutral, PublicKeyToken=null" name="TwoDollarsWithSixSpecialItem" />
    </UnitTest>
    <UnitTest name="ZeroWhenEmpty" storage="c:\users\steve\documents\my projects\pluralsight\002 - open closed principle\demo\ocp\testproject1\bin\debug\commerceproject.dll" id="c018f654-f072-5a28-9b03-624324ed25c2">
      <Execution id="4e538bbb-a9eb-49c1-b9c3-2810111bc887" />
      <TestMethod codeBase="C:/Users/Steve/Documents/My Projects/PluralSight/002 - Open Closed Principle/Demo/OCP/TestProject1/bin/Debug/CommerceProject.DLL" adapterTypeName="Microsoft.VisualStudio.TestTools.TestTypes.Unit.UnitTestAdapter, Microsoft.VisualStudio.QualityTools.Tips.UnitTest.Adapter, Version=10.0.0.0, Culture=neutral, PublicKeyToken=b03f5f7f11d50a3a" className="CommerceProject.CartTotalShouldReturn, CommerceProject, Version=1.0.0.0, Culture=neutral, PublicKeyToken=null" name="ZeroWhenEmpty" />
    </UnitTest>
    <UnitTest name="EightyCentsWithTwoSpecialItem" storage="c:\users\steve\documents\my projects\pluralsight\002 - open closed principle\demo\ocp\testproject1\bin\debug\commerceproject.dll" id="1f22e663-811f-12e0-f931-8157c1d6fe47">
      <Execution id="0b9ce010-e33c-46b8-8fc9-589cca2d4c96" />
      <TestMethod codeBase="C:/Users/Steve/Documents/My Projects/PluralSight/002 - Open Closed Principle/Demo/OCP/TestProject1/bin/Debug/CommerceProject.DLL" adapterTypeName="Microsoft.VisualStudio.TestTools.TestTypes.Unit.UnitTestAdapter, Microsoft.VisualStudio.QualityTools.Tips.UnitTest.Adapter, Version=10.0.0.0, Culture=neutral, PublicKeyToken=b03f5f7f11d50a3a" className="CommerceProject.CartTotalShouldReturn, CommerceProject, Version=1.0.0.0, Culture=neutral, PublicKeyToken=null" name="EightyCentsWithTwoSpecialItem" />
    </UnitTest>
    <UnitTest name="FiveWithOneEachItem" storage="c:\users\steve\documents\my projects\pluralsight\002 - open closed principle\demo\ocp\testproject1\bin\debug\commerceproject.dll" id="7d829c88-f649-0b2b-285a-7f018d897da0">
      <Execution id="fcdccdf1-c5a6-48fd-a538-4e5336c5783f" />
      <TestMethod codeBase="C:/Users/Steve/Documents/My Projects/PluralSight/002 - Open Closed Principle/Demo/OCP/TestProject1/bin/Debug/CommerceProject.DLL" adapterTypeName="Microsoft.VisualStudio.TestTools.TestTypes.Unit.UnitTestAdapter, Microsoft.VisualStudio.QualityTools.Tips.UnitTest.Adapter, Version=10.0.0.0, Culture=neutral, PublicKeyToken=b03f5f7f11d50a3a" className="CommerceProject.CartTotalShouldReturn, CommerceProject, Version=1.0.0.0, Culture=neutral, PublicKeyToken=null" name="FiveWithOneEachItem" />
    </UnitTest>
    <UnitTest name="TwoWithHalfKiloWeightItem" storage="c:\users\steve\documents\my projects\pluralsight\002 - open closed principle\demo\ocp\testproject1\bin\debug\commerceproject.dll" id="2b0865e2-2362-aae4-fae3-d17616115b15">
      <Execution id="f870d9c9-da98-486c-a8b3-e2b7d955fb77" />
      <TestMethod codeBase="C:/Users/Steve/Documents/My Projects/PluralSight/002 - Open Closed Principle/Demo/OCP/TestProject1/bin/Debug/CommerceProject.DLL" adapterTypeName="Microsoft.VisualStudio.TestTools.TestTypes.Unit.UnitTestAdapter, Microsoft.VisualStudio.QualityTools.Tips.UnitTest.Adapter, Version=10.0.0.0, Culture=neutral, PublicKeyToken=b03f5f7f11d50a3a" className="CommerceProject.CartTotalShouldReturn, CommerceProject, Version=1.0.0.0, Culture=neutral, PublicKeyToken=null" name="TwoWithHalfKiloWeightItem" />
    </UnitTest>
  </TestDefinitions>
  <TestLists>
    <TestList name="Results Not in a List" id="8c84fa94-04c1-424b-9868-57a2d4851a1d" />
    <TestList name="All Loaded Results" id="19431567-8539-422a-85d7-44ee4e166bda" />
  </TestLists>
  <TestEntries>
    <TestEntry testId="1f22e663-811f-12e0-f931-8157c1d6fe47" executionId="0b9ce010-e33c-46b8-8fc9-589cca2d4c96" testListId="8c84fa94-04c1-424b-9868-57a2d4851a1d" />
    <TestEntry testId="2b0865e2-2362-aae4-fae3-d17616115b15" executionId="f870d9c9-da98-486c-a8b3-e2b7d955fb77" testListId="8c84fa94-04c1-424b-9868-57a2d4851a1d" />
    <TestEntry testId="639ab4a9-4933-f723-4206-a4b708a5ee7d" executionId="9786e9c5-f239-4cc2-bfcc-fef64734a94d" testListId="8c84fa94-04c1-424b-9868-57a2d4851a1d" />
    <TestEntry testId="7d829c88-f649-0b2b-285a-7f018d897da0" executionId="fcdccdf1-c5a6-48fd-a538-4e5336c5783f" testListId="8c84fa94-04c1-424b-9868-57a2d4851a1d" />
    <TestEntry testId="c018f654-f072-5a28-9b03-624324ed25c2" executionId="4e538bbb-a9eb-49c1-b9c3-2810111bc887" testListId="8c84fa94-04c1-424b-9868-57a2d4851a1d" />
  </TestEntries>
  <Results>
    <UnitTestResult executionId="0b9ce010-e33c-46b8-8fc9-589cca2d4c96" testId="1f22e663-811f-12e0-f931-8157c1d6fe47" testName="EightyCentsWithTwoSpecialItem" computerName="STEVEIBPDESKTOP" duration="00:00:00.0120726" startTime="2010-07-26T22:54:22.5082968-04:00" endTime="2010-07-26T22:54:22.7260703-04:00" testType="13cdc9d9-ddb5-4fa4-a97d-d965ccfc6d4b" outcome="Passed" testListId="8c84fa94-04c1-424b-9868-57a2d4851a1d" relativeResultsDirectory="0b9ce010-e33c-46b8-8fc9-589cca2d4c96">
    </UnitTestResult>
    <UnitTestResult executionId="f870d9c9-da98-486c-a8b3-e2b7d955fb77" testId="2b0865e2-2362-aae4-fae3-d17616115b15" testName="TwoWithHalfKiloWeightItem" computerName="STEVEIBPDESKTOP" duration="00:00:00.0002600" startTime="2010-07-26T22:54:22.7270468-04:00" endTime="2010-07-26T22:54:22.7309531-04:00" testType="13cdc9d9-ddb5-4fa4-a97d-d965ccfc6d4b" outcome="Passed" testListId="8c84fa94-04c1-424b-9868-57a2d4851a1d" relativeResultsDirectory="f870d9c9-da98-486c-a8b3-e2b7d955fb77">
    </UnitTestResult>
    <UnitTestResult executionId="9786e9c5-f239-4cc2-bfcc-fef64734a94d" testId="639ab4a9-4933-f723-4206-a4b708a5ee7d" testName="TwoDollarsWithSixSpecialItem" computerName="STEVEIBPDESKTOP" duration="00:00:00.0003194" startTime="2010-07-26T22:54:22.7329062-04:00" endTime="2010-07-26T22:54:22.7368125-04:00" testType="13cdc9d9-ddb5-4fa4-a97d-d965ccfc6d4b" outcome="Passed" testListId="8c84fa94-04c1-424b-9868-57a2d4851a1d" relativeResultsDirectory="9786e9c5-f239-4cc2-bfcc-fef64734a94d">
    </UnitTestResult>
    <UnitTestResult executionId="fcdccdf1-c5a6-48fd-a538-4e5336c5783f" testId="7d829c88-f649-0b2b-285a-7f018d897da0" testName="FiveWithOneEachItem" computerName="STEVEIBPDESKTOP" duration="00:00:00.0002359" startTime="2010-07-26T22:54:22.7377890-04:00" endTime="2010-07-26T22:54:22.7416953-04:00" testType="13cdc9d9-ddb5-4fa4-a97d-d965ccfc6d4b" outcome="Passed" testListId="8c84fa94-04c1-424b-9868-57a2d4851a1d" relativeResultsDirectory="fcdccdf1-c5a6-48fd-a538-4e5336c5783f">
    </UnitTestResult>
    <UnitTestResult executionId="4e538bbb-a9eb-49c1-b9c3-2810111bc887" testId="c018f654-f072-5a28-9b03-624324ed25c2" testName="ZeroWhenEmpty" computerName="STEVEIBPDESKTOP" duration="00:00:00.0002478" startTime="2010-07-26T22:54:22.7436484-04:00" endTime="2010-07-26T22:54:22.7485312-04:00" testType="13cdc9d9-ddb5-4fa4-a97d-d965ccfc6d4b" outcome="Passed" testListId="8c84fa94-04c1-424b-9868-57a2d4851a1d" relativeResultsDirectory="4e538bbb-a9eb-49c1-b9c3-2810111bc887">
    </UnitTestResult>
  </Results>
</TestRun>