<?xml version="1.0" encoding="UTF-8"?>
<TestRun id="165595a0-7571-47cf-b126-28840d1591bc" name="Steve@STEVEIBPDESKTOP 2010-09-19 12:00:56" runUser="SteveIBPDesktop\Steve" xmlns="http://microsoft.com/schemas/VisualStudio/TeamTest/2010">
  <TestSettings name="Local" id="21cf4929-b6a7-4997-ab6a-e0cba12a2349">
    <Description>These are default test settings for a local test run.</Description>
    <Deployment enabled="false" runDeploymentRoot="Steve_STEVEIBPDESKTOP 2010-09-19 12_00_56">
      <DeploymentItem filename="C:\Dev\SteveSmith\N-Tier Development In .NET\trunk\src\NTierBLL\bin\Debug\NTier.BLL.dll" />
    </Deployment>
    <Execution>
      <TestTypeSpecific />
      <AgentRule name="Execution Agents">
      </AgentRule>
    </Execution>
  </TestSettings>
  <Times creation="2010-09-19T12:00:56.9609375-04:00" queuing="2010-09-19T12:00:56.9716796-04:00" start="2010-09-19T12:00:56.9755859-04:00" finish="2010-09-19T12:00:57.1962890-04:00" />
  <ResultSummary outcome="Completed">
    <Counters total="1" executed="1" passed="1" error="0" failed="0" timeout="0" aborted="0" inconclusive="0" passedButRunAborted="0" notRunnable="0" notExecuted="0" disconnected="0" warning="0" completed="0" inProgress="0" pending="0" />
  </ResultSummary>
  <TestDefinitions>
    <UnitTest name="ReturnUserIdForValidUser" storage="c:\dev\stevesmith\n-tier development in .net\trunk\src\ntier.unittests\bin\debug\ntier.unittests.dll" id="3a031a8d-ba64-61d6-0ee0-6ebee8f1030e">
      <Execution id="6fbc2165-5727-4a93-9dce-883a030f1b84" />
      <TestMethod codeBase="C:/Dev/SteveSmith/N-Tier Development In .NET/trunk/src/NTier.UnitTests/bin/Debug/NTier.UnitTests.DLL" adapterTypeName="Microsoft.VisualStudio.TestTools.TestTypes.Unit.UnitTestAdapter, Microsoft.VisualStudio.QualityTools.Tips.UnitTest.Adapter, Version=10.0.0.0, Culture=neutral, PublicKeyToken=b03f5f7f11d50a3a" className="NTier.UnitTests.SecurityLoginShould, NTier.UnitTests, Version=1.0.0.0, Culture=neutral, PublicKeyToken=null" name="ReturnUserIdForValidUser" />
    </UnitTest>
  </TestDefinitions>
  <TestLists>
    <TestList name="Results Not in a List" id="8c84fa94-04c1-424b-9868-57a2d4851a1d" />
    <TestList name="All Loaded Results" id="19431567-8539-422a-85d7-44ee4e166bda" />
  </TestLists>
  <TestEntries>
    <TestEntry testId="3a031a8d-ba64-61d6-0ee0-6ebee8f1030e" executionId="6fbc2165-5727-4a93-9dce-883a030f1b84" testListId="8c84fa94-04c1-424b-9868-57a2d4851a1d" />
  </TestEntries>
  <Results>
    <UnitTestResult executionId="6fbc2165-5727-4a93-9dce-883a030f1b84" testId="3a031a8d-ba64-61d6-0ee0-6ebee8f1030e" testName="ReturnUserIdForValidUser" computerName="STEVEIBPDESKTOP" duration="00:00:00.0108163" startTime="2010-09-19T12:00:56.9765625-04:00" endTime="2010-09-19T12:00:57.1777343-04:00" testType="13cdc9d9-ddb5-4fa4-a97d-d965ccfc6d4b" outcome="Passed" testListId="8c84fa94-04c1-424b-9868-57a2d4851a1d" relativeResultsDirectory="6fbc2165-5727-4a93-9dce-883a030f1b84">
    </UnitTestResult>
  </Results>
</TestRun>